[themesflat.co/html/modave/home-fashion-chicHaven.html]
[backblue.gif]
[fade.gif]
[index.html]
[themesflat.co/html/modave/fonts/fonts.css]
[themesflat.co/html/modave/fonts/font-icons.css]
[themesflat.co/html/modave/css/bootstrap.min.css]
[themesflat.co/html/modave/css/swiper-bundle.min.css]
[themesflat.co/html/modave/css/drift-basic.min.css]
[themesflat.co/html/modave/css/photoswipe.css]
[themesflat.co/html/modave/css/animate.css]
[themesflat.co/html/modave/css/styles.css]
[themesflat.co/html/modave/images/logo/favicon.png]
[themesflat.co/html/modave/images/country/us.svg]
[themesflat.co/html/modave/images/country/vn.svg]
[themesflat.co/html/modave/store-list.html]
[themesflat.co/html/modave/images/logo/logo.svg]
[themesflat.co/html/modave/index.html]
[themesflat.co/html/modave/login.html]
[themesflat.co/html/modave/register.html]
[themesflat.co/html/modave/wish-list.html]
[themesflat.co/html/modave/images/demo/home-fashion-womenswear.jpg]
[themesflat.co/html/modave/home-fashion-eleganceNest.html]
[themesflat.co/html/modave/images/demo/home-fashion-eleganceNest.jpg]
[themesflat.co/html/modave/images/demo/home-fashion-main.jpg]
[themesflat.co/html/modave/home-fashion-main.html]
[themesflat.co/html/modave/home-fashion-trendset.html]
[themesflat.co/html/modave/images/demo/home-fashion-trendset.jpg]
[themesflat.co/html/modave/home-fashion-vogueLing.html]
[themesflat.co/html/modave/images/demo/home-fashion-vogueLiving.jpg]
[themesflat.co/html/modave/home-fashion-elegantAbode.html]
[themesflat.co/html/modave/images/demo/home-fashion-elegantAbode.jpg]
[themesflat.co/html/modave/home-fashion-glamDwell.html]
[themesflat.co/html/modave/images/demo/home-fashion-glamDwell.jpg]
[themesflat.co/html/modave/images/demo/home-fashion-classycove.jpg]
[themesflat.co/html/modave/home-fashion-classyCove.html]
[themesflat.co/html/modave/images/demo/home-fashion-chicHaven.jpg]
[themesflat.co/html/modave/images/demo/home-fashion-chicHaven2.jpg]
[themesflat.co/html/modave/home-fashion-chicHaven-02.html]
[themesflat.co/html/modave/home-fashion-tiktok.html]
[themesflat.co/html/modave/images/demo/home-fashion-tiktok.jpg]
[themesflat.co/html/modave/home-fashion-luxeLiving.html]
[themesflat.co/html/modave/images/demo/home-fashion-luxeLiving.jpg]
[themesflat.co/html/modave/shop-default-grid.html]
[themesflat.co/html/modave/shop-default-list.html]
[themesflat.co/html/modave/shop-fullwidth-list.html]
[themesflat.co/html/modave/shop-fullwidth-grid.html]
[themesflat.co/html/modave/shop-right-sidebar.html]
[themesflat.co/html/modave/shop-left-sidebar.html]
[themesflat.co/html/modave/shop-filter-dropdown.html]
[themesflat.co/html/modave/shop-filter-canvas.html]
[themesflat.co/html/modave/shop-categories-top.html]
[themesflat.co/html/modave/shop-categories-top-02.html]
[themesflat.co/html/modave/shop-collection.html]
[themesflat.co/html/modave/shop-breadcrumb-img.html]
[themesflat.co/html/modave/shop-breadcrumb-left.html]
[themesflat.co/html/modave/shop-load-button.html]
[themesflat.co/html/modave/shop-breadcrumb-background.html]
[themesflat.co/html/modave/shop-pagination.html]
[themesflat.co/html/modave/shop-infinite-scrolling.html]
[themesflat.co/html/modave/product-style-01.html]
[themesflat.co/html/modave/product-style-02.html]
[themesflat.co/html/modave/product-style-03.html]
[themesflat.co/html/modave/product-style-05.html]
[themesflat.co/html/modave/product-style-04.html]
[themesflat.co/html/modave/product-style-06.html]
[themesflat.co/html/modave/product-style-07.html]
[themesflat.co/html/modave/search-result.html]
[themesflat.co/html/modave/shopping-cart.html]
[themesflat.co/html/modave/forget-password.html]
[themesflat.co/html/modave/order-tracking.html]
[themesflat.co/html/modave/my-account.html]
[themesflat.co/html/modave/product-detail.html]
[themesflat.co/html/modave/images/products/womens/women-19.jpg]
[themesflat.co/html/modave/images/products/womens/women-20.jpg]
[themesflat.co/html/modave/images/products/womens/women-37.jpg]
[themesflat.co/html/modave/images/products/womens/women-38.jpg]
[themesflat.co/html/modave/images/products/womens/women-8.jpg]
[themesflat.co/html/modave/images/products/womens/women-9.jpg]
[themesflat.co/html/modave/images/products/womens/women-172.jpg]
[themesflat.co/html/modave/product-grid-1.html]
[themesflat.co/html/modave/product-grid-2.html]
[themesflat.co/html/modave/product-stacked.html]
[themesflat.co/html/modave/product-right-thumbnails.html]
[themesflat.co/html/modave/product-bottom-thumbnails.html]
[themesflat.co/html/modave/product-description-accordion.html]
[themesflat.co/html/modave/product-description-list.html]
[themesflat.co/html/modave/product-description-menutab.html]
[themesflat.co/html/modave/product-fixed-price.html]
[themesflat.co/html/modave/product-description-fullwidth.html]
[themesflat.co/html/modave/product-fixed-scroll.html]
[themesflat.co/html/modave/product-swatch-color.html]
[themesflat.co/html/modave/product-swatch-rounded.html]
[themesflat.co/html/modave/product-swatch-rounded-color.html]
[themesflat.co/html/modave/product-swatch-image.html]
[themesflat.co/html/modave/product-swatch-rounded-image.html]
[themesflat.co/html/modave/product-swatch-dropdown.html]
[themesflat.co/html/modave/product-swatch-dropdown-color.html]
[themesflat.co/html/modave/product-frequently-bought-together.html]
[themesflat.co/html/modave/product-frequently-bought-together-02.html]
[themesflat.co/html/modave/product-up-sell.html]
[themesflat.co/html/modave/product-pre-order.html]
[themesflat.co/html/modave/product-grouped.html]
[themesflat.co/html/modave/product-customer-note.html]
[themesflat.co/html/modave/product-out-of-stock.html]
[themesflat.co/html/modave/product-pickup-available.html]
[themesflat.co/html/modave/product-variable.html]
[themesflat.co/html/modave/product-deals.html]
[themesflat.co/html/modave/product-with-discount.html]
[themesflat.co/html/modave/product-external.html]
[themesflat.co/html/modave/product-subscribe-save.html]
[themesflat.co/html/modave/images/collections/cls-header.jpg]
[themesflat.co/html/modave/blog-default.html]
[themesflat.co/html/modave/blog-list.html]
[themesflat.co/html/modave/blog-grid.html]
[themesflat.co/html/modave/blog-detail.html]
[themesflat.co/html/modave/blog-detail-02.html]
[themesflat.co/html/modave/about-us.html]
[themesflat.co/html/modave/store-list-02.html]
[themesflat.co/html/modave/contact.html]
[themesflat.co/html/modave/404.html]
[themesflat.co/html/modave/contact-02.html]
[themesflat.co/html/modave/term-of-use.html]
[themesflat.co/html/modave/FAQs.html]
[themesflat.co/html/modave/coming-soon.html]
[themesflat.co/html/modave/customer-feedback.html]
[themesflat.co/html/modave/home-fashion-men.7b.delayed]
[themesflat.co/html/modave/home-fashion-kid.html]
[themesflat.co/html/modave/images/slider/slider-chicHaven.jpg]
[themesflat.co/html/modave/images/collections/grid-cls/women-cls2.jpg]
[themesflat.co/html/modave/images/collections/grid-cls/men-cls2.jpg]
[themesflat.co/html/modave/images/collections/grid-cls/kid-cls.jpg]
[themesflat.co/html/modave/images/products/womens/women-176.jpg]
[themesflat.co/html/modave/images/products/womens/women-179.jpg]
[themesflat.co/html/modave/images/products/womens/women-177.jpg]
[themesflat.co/html/modave/images/products/womens/women-29.jpg]
[themesflat.co/html/modave/images/products/womens/women-30.jpg]
[themesflat.co/html/modave/images/products/womens/women-33.jpg]
[themesflat.co/html/modave/images/products/mens/men-1.jpg]
[themesflat.co/html/modave/images/products/mens/men-2.jpg]
[themesflat.co/html/modave/images/products/mens/men-7.jpg]
[themesflat.co/html/modave/images/products/mens/men-5.jpg]
[themesflat.co/html/modave/images/products/womens/women-181.jpg]
[themesflat.co/html/modave/images/products/womens/women-182.jpg]
[themesflat.co/html/modave/images/products/womens/women-183.jpg]
[themesflat.co/html/modave/images/products/womens/women-184.jpg]
[themesflat.co/html/modave/images/products/womens/women-171.jpg]
[themesflat.co/html/modave/images/products/womens/women-83.jpg]
[themesflat.co/html/modave/images/products/womens/women-84.jpg]
[themesflat.co/html/modave/images/products/womens/women-94.jpg]
[themesflat.co/html/modave/images/products/womens/women-87.jpg]
[themesflat.co/html/modave/images/products/womens/women-102.jpg]
[themesflat.co/html/modave/images/products/womens/women-103.jpg]
[themesflat.co/html/modave/images/products/womens/women-111.jpg]
[themesflat.co/html/modave/images/products/womens/women-104.jpg]
[themesflat.co/html/modave/images/testimonial/tes-1.jpg]
[themesflat.co/html/modave/images/avatar/user-4.jpg]
[themesflat.co/html/modave/images/testimonial/tes-2.jpg]
[themesflat.co/html/modave/images/avatar/user-5.jpg]
[themesflat.co/html/modave/images/gallery/gallery-1.jpg]
[themesflat.co/html/modave/images/gallery/gallery-2.jpg]
[themesflat.co/html/modave/images/gallery/gallery-3.jpg]
[themesflat.co/html/modave/images/gallery/gallery-4.jpg]
[themesflat.co/html/modave/images/gallery/gallery-5.jpg]
[themesflat.co/html/modave/images/brand/vanfaba.png]
[themesflat.co/html/modave/images/brand/anvouge.png]
[themesflat.co/html/modave/images/brand/carolin.png]
[themesflat.co/html/modave/images/brand/shangxi.png]
[themesflat.co/html/modave/images/brand/ecomife.png]
[themesflat.co/html/modave/images/brand/cheryl.png]
[themesflat.co/html/modave/images/brand/sopify.png]
[themesflat.co/html/modave/images/brand/pennyw.png]
[themesflat.co/html/modave/images/brand/panadoxn.png]
[themesflat.co/html/modave/images/logo/logo-white.svg]
[themesflat.co/html/modave/images/country/fr.svg]
[themesflat.co/html/modave/images/payment/img-1.png]
[themesflat.co/html/modave/images/payment/img-2.png]
[themesflat.co/html/modave/images/payment/img-3.png]
[themesflat.co/html/modave/images/payment/img-4.png]
[themesflat.co/html/modave/images/payment/img-5.png]
[themesflat.co/html/modave/images/payment/img-6.png]
[themesflat.co/html/modave/images/products/mens/men-11.jpg]
[themesflat.co/html/modave/images/products/mens/men-12.jpg]
[themesflat.co/html/modave/images/products/mens/men-13.jpg]
[themesflat.co/html/modave/images/products/mens/men-14.jpg]
[themesflat.co/html/modave/images/products/mens/men-8.jpg]
[themesflat.co/html/modave/images/products/mens/men-3.jpg]
[themesflat.co/html/modave/images/products/mens/men-9.jpg]
[themesflat.co/html/modave/images/products/womens/women-41.jpg]
[themesflat.co/html/modave/images/products/mens/men-15.jpg]
[themesflat.co/html/modave/images/products/mens/men-16.jpg]
[themesflat.co/html/modave/images/products/mens/men-18.jpg]
[themesflat.co/html/modave/images/products/mens/men-17.jpg]
[themesflat.co/html/modave/images/products/womens/women-167.jpg]
[themesflat.co/html/modave/images/products/womens/women-168.jpg]
[themesflat.co/html/modave/images/products/womens/women-162.jpg]
[themesflat.co/html/modave/images/products/mens/men-19.jpg]
[themesflat.co/html/modave/images/products/mens/men-20.jpg]
[themesflat.co/html/modave/home-fashion-modernRetreat.html]
[themesflat.co/html/modave/images/demo/home-fashion-modernRetreat.jpg]
[themesflat.co/html/modave/home-beauty.html]
[themesflat.co/html/modave/images/demo/home-beauty.jpg]
[themesflat.co/html/modave/home-skincare.html]
[themesflat.co/html/modave/images/demo/home-skinCare.jpg]
[themesflat.co/html/modave/home-cosmetic.html]
[themesflat.co/html/modave/images/demo/home-cosmetic.jpg]
[themesflat.co/html/modave/home-decor.html]
[themesflat.co/html/modave/images/demo/home-decor.jpg]
[themesflat.co/html/modave/home-furniture.html]
[themesflat.co/html/modave/images/demo/home-furniture.jpg]
[themesflat.co/html/modave/home-jewelry-01.html]
[themesflat.co/html/modave/images/demo/home-jewelry.jpg]
[themesflat.co/html/modave/home-jewelry-02.html]
[themesflat.co/html/modave/images/demo/home-jewelry2.jpg]
[themesflat.co/html/modave/images/demo/home-activewear.jpg]
[themesflat.co/html/modave/home-activewear.html]
[themesflat.co/html/modave/home-organic.html]
[themesflat.co/html/modave/images/demo/home-organic.jpg]
[themesflat.co/html/modave/images/demo/home-sock.jpg]
[themesflat.co/html/modave/home-sock.html]
[themesflat.co/html/modave/home-camping.html]
[themesflat.co/html/modave/images/demo/home-camping.jpg]
[themesflat.co/html/modave/home-electronic.html]
[themesflat.co/html/modave/images/demo/home-electronic.jpg]
[themesflat.co/html/modave/home-pet-store.html]
[themesflat.co/html/modave/images/demo/home-pet-store.jpg]
[themesflat.co/html/modave/images/avatar/women.jpg]
[themesflat.co/html/modave/images/avatar/new-in.jpg]
[themesflat.co/html/modave/images/avatar/promotion.jpg]
[themesflat.co/html/modave/images/avatar/clothing.jpg]
[themesflat.co/html/modave/images/avatar/shoes.jpg]
[themesflat.co/html/modave/images/avatar/bags.jpg]
[themesflat.co/html/modave/images/avatar/accessories.jpg]
[themesflat.co/html/modave/images/avatar/jewelry.jpg]
[themesflat.co/html/modave/images/avatar/men.jpg]
[themesflat.co/html/modave/images/avatar/kid.jpg]
[themesflat.co/html/modave/images/products/womens/women-1.jpg]
[themesflat.co/html/modave/images/products/womens/women-2.jpg]
[themesflat.co/html/modave/images/products/womens/women-3.jpg]
[themesflat.co/html/modave/images/products/womens/women-4.jpg]
[themesflat.co/html/modave/images/products/womens/women-5.jpg]
[themesflat.co/html/modave/images/products/womens/women-6.jpg]
[themesflat.co/html/modave/compare-products.html]
[themesflat.co/html/modave/js/bootstrap.min.js]
[themesflat.co/html/modave/js/jquery.min.js]
[themesflat.co/html/modave/js/swiper-bundle.min.js]
[themesflat.co/html/modave/js/carousel.js]
[themesflat.co/html/modave/js/bootstrap-select.min.js]
[themesflat.co/html/modave/js/lazysize.min.js]
[themesflat.co/html/modave/js/count-down.js]
[themesflat.co/html/modave/js/wow.min.js]
[themesflat.co/html/modave/js/multiple-modal.js]
[themesflat.co/html/modave/js/drift.min.js]
[themesflat.co/html/modave/js/main.js]
[themesflat.co/html/modave/js/zoom.js]
[themesflat.co/html/modave/home-fashion-chicHaven.html]
[themesflat.co/html/modave/fonts/fonts.css]
[themesflat.co/html/modave/fonts/icomoon95b7.eot]
[themesflat.co/html/modave/fonts/icomoon95b7.ttf]
[themesflat.co/html/modave/fonts/icomoon95b7.woff]
[themesflat.co/html/modave/js/model-viewer.min.js]
[themesflat.co/html/modave/fonts/font-icons.css]
[themesflat.co/html/modave/css/bootstrap.min.css]
[themesflat.co/html/modave/css/swiper-bundle.min.css]
[themesflat.co/html/modave/css/drift-basic.min.css]
[themesflat.co/html/modave/css/photoswipe.css]
[themesflat.co/html/modave/css/animate.css]
[themesflat.co/html/modave/fonts/icomoon95b7.svg]
[themesflat.co/html/modave/css/bootstrap-select.min.css]
[themesflat.co/html/modave/images/cursor-close.svg]
[themesflat.co/html/modave/images/blog/blog-details-1.jpg]
[themesflat.co/html/modave/images/section/coming-soon.jpg]
[themesflat.co/html/modave/images/section/bg-1.png]
[themesflat.co/html/modave/images/section/bg-2.png]
[themesflat.co/html/modave/css/styles.css]
[themesflat.co/html/modave/images/country/us.svg]
[themesflat.co/html/modave/images/country/vn.svg]
[themesflat.co/html/modave/images/section/page-title.jpg]
[themesflat.co/html/modave/js/map-contact.js]
[themesflat.co/html/modave/js/marker.js]
[themesflat.co/html/modave/js/infobox.min.js]
[themesflat.co/html/modave/store-list.html]
[themesflat.co/html/modave/images/slider/slider-women1.jpg]
[themesflat.co/html/modave/images/slider/slider-women2.jpg]
[themesflat.co/html/modave/images/collections/collection-circle/cls-circle1.jpg]
[themesflat.co/html/modave/images/collections/collection-circle/cls-circle2.jpg]
[themesflat.co/html/modave/images/collections/collection-circle/cls-circle3.jpg]
[themesflat.co/html/modave/images/collections/collection-circle/cls-circle4.jpg]
[themesflat.co/html/modave/images/collections/collection-circle/cls-circle5.jpg]
[themesflat.co/html/modave/images/collections/banner-collection/banner-cls1.jpg]
[themesflat.co/html/modave/images/collections/banner-collection/banner-cls2.jpg]
[themesflat.co/html/modave/images/banner/img-countdown1.png]
[themesflat.co/html/modave/images/blog/blog-grid-1.jpg]
[themesflat.co/html/modave/images/blog/blog-grid-8.jpg]
[themesflat.co/html/modave/images/blog/blog-grid-6.jpg]
[themesflat.co/html/modave/images/section/newsletter.jpg]
[themesflat.co/html/modave/index.html]
[themesflat.co/html/modave/images/logo/logo.svg]
[themesflat.co/html/modave/login.html]
[themesflat.co/html/modave/register.html]
[themesflat.co/html/modave/wish-list.html]
[themesflat.co/html/modave/images/slider/slider-fashion-eleganNest1.jpg]
[themesflat.co/html/modave/images/slider/slider-fashion-eleganNest2.jpg]
[themesflat.co/html/modave/images/slider/slider-fashion-eleganNest3.jpg]
[themesflat.co/html/modave/images/collections/cls1.jpg]
[themesflat.co/html/modave/images/collections/cls2.jpg]
[themesflat.co/html/modave/images/collections/cls3.jpg]
[themesflat.co/html/modave/images/collections/cls4.jpg]
[themesflat.co/html/modave/images/collections/cls5.jpg]
[themesflat.co/html/modave/images/collections/cls6.jpg]
[themesflat.co/html/modave/images/collections/banner-collection/banner-cls3.jpg]
[themesflat.co/html/modave/images/collections/banner-collection/banner-cls4.jpg]
[themesflat.co/html/modave/images/gallery/lookbook-1.jpg]
[themesflat.co/html/modave/images/collections/banner-collection/banner-cls5.jpg]
[themesflat.co/html/modave/images/banner/banner-w-text1.jpg]
[themesflat.co/html/modave/images/banner/banner-w-text2.jpg]
[themesflat.co/html/modave/home-fashion-eleganceNest.html]
[themesflat.co/html/modave/images/slider/slider-fashion-main1.jpg]
[themesflat.co/html/modave/images/slider/slider-fashion-main2.jpg]
[themesflat.co/html/modave/images/collections/banner-collection/banner-cls6.jpg]
[themesflat.co/html/modave/images/collections/banner-collection/banner-cls7.jpg]
[themesflat.co/html/modave/images/collections/banner-collection/banner-cls8.jpg]
[themesflat.co/html/modave/images/collections/banner-collection/banner-cls11.jpg]
[themesflat.co/html/modave/images/collections/banner-collection/banner-cls9.jpg]
[themesflat.co/html/modave/images/collections/banner-collection/banner-cls10.jpg]
[themesflat.co/html/modave/images/collections/banner-collection/banner-cls13.jpg]
[themesflat.co/html/modave/images/collections/banner-collection/banner-cls14.jpg]
[themesflat.co/html/modave/images/avatar/user-7.jpg]
[themesflat.co/html/modave/home-fashion-main.html]
[themesflat.co/html/modave/images/slider/slider-fashion-trendset1.jpg]
[themesflat.co/html/modave/images/slider/slider-fashion-trendset2.jpg]
[themesflat.co/html/modave/images/banner/banner-w-text3.jpg]
[themesflat.co/html/modave/images/collections/cls7.jpg]
[themesflat.co/html/modave/images/collections/cls8.jpg]
[themesflat.co/html/modave/images/collections/list-cls/cls-new.jpg]
[themesflat.co/html/modave/images/collections/list-cls/cls-promotion.jpg]
[themesflat.co/html/modave/images/collections/list-cls/cls-clothing.jpg]
[themesflat.co/html/modave/images/collections/list-cls/cls-shoes.jpg]
[themesflat.co/html/modave/images/collections/list-cls/cls-bag.jpg]
[themesflat.co/html/modave/images/collections/list-cls/cls-accessories.jpg]
[themesflat.co/html/modave/images/collections/list-cls/cls-jewelry.jpg]
[themesflat.co/html/modave/images/collections/list-cls/cls-women.jpg]
[themesflat.co/html/modave/images/collections/list-cls/cls-men.jpg]
[themesflat.co/html/modave/images/avatar/user-6.jpg]
[themesflat.co/html/modave/images/blog/new-1.jpg]
[themesflat.co/html/modave/images/blog/new-2.jpg]
[themesflat.co/html/modave/home-fashion-trendset.html]
[themesflat.co/html/modave/images/slider/slider-cls1.jpg]
[themesflat.co/html/modave/images/slider/slider-cls2.jpg]
[themesflat.co/html/modave/images/slider/slider-cls3.jpg]
[themesflat.co/html/modave/images/banner/banner-lookbook-2.jpg]
[themesflat.co/html/modave/images/products/womens/women-lb.jpg]
[themesflat.co/html/modave/images/products/womens/women-lb2.jpg]
[themesflat.co/html/modave/images/products/womens/women-27.jpg]
[themesflat.co/html/modave/home-fashion-vogueLing.html]
[themesflat.co/html/modave/images/slider/slider-elegantAbode.jpg]
[themesflat.co/html/modave/images/slider/slider-elegantAbode2.jpg]
[themesflat.co/html/modave/images/slider/slider-elegantAbode3.jpg]
[themesflat.co/html/modave/images/collections/cls9.jpg]
[themesflat.co/html/modave/images/collections/cls10.jpg]
[themesflat.co/html/modave/images/collections/cls11.jpg]
[themesflat.co/html/modave/images/collections/cls12.jpg]
[themesflat.co/html/modave/images/banner/banner-countdown.png]
[themesflat.co/html/modave/images/banner/banner-lookbook-sm1.jpg]
[themesflat.co/html/modave/images/gallery/lookbook-3.jpg]
[themesflat.co/html/modave/images/banner/banner-lookbook-sm2.jpg]
[themesflat.co/html/modave/home-fashion-elegantAbode.html]
[themesflat.co/html/modave/images/slider/slider-glamDwell.jpg]
[themesflat.co/html/modave/images/slider/slider-glamDwell2.jpg]
[themesflat.co/html/modave/images/slider/slider-glamDwell3.jpg]
[themesflat.co/html/modave/images/collections/grid-cls/women-cls.jpg]
[themesflat.co/html/modave/images/collections/grid-cls/promotion-cls.jpg]
[themesflat.co/html/modave/images/collections/grid-cls/accessories-cls.jpg]
[themesflat.co/html/modave/images/collections/grid-cls/men-cls.jpg]
[themesflat.co/html/modave/images/banner/banner-lookbook-3.jpg]
[themesflat.co/html/modave/images/gallery/lookbook-2.jpg]
[themesflat.co/html/modave/images/banner/banner-lookbook-4.jpg]
[themesflat.co/html/modave/images/banner/banner-lookbook-5.jpg]
[themesflat.co/html/modave/home-fashion-glamDwell.html]
[themesflat.co/html/modave/images/slider/slider-fashion-classyCove1.jpg]
[themesflat.co/html/modave/images/slider/slider-fashion-classyCove2.jpg]
[themesflat.co/html/modave/images/slider/slider-fashion-classyCove3.jpg]
[themesflat.co/html/modave/images/collections/banner-collection/banner-cls15.jpg]
[themesflat.co/html/modave/images/collections/banner-collection/banner-cls16.jpg]
[themesflat.co/html/modave/images/collections/banner-collection/banner-cls17.jpg]
[themesflat.co/html/modave/images/collections/banner-collection/banner-cls18.jpg]
[themesflat.co/html/modave/images/collections/banner-collection/banner-cls19.jpg]
[themesflat.co/html/modave/images/collections/banner-collection/banner-cls20.jpg]
[themesflat.co/html/modave/images/blog/sidebar-2.jpg]
[themesflat.co/html/modave/images/blog/sidebar-3.jpg]
[themesflat.co/html/modave/images/blog/sidebar-4.jpg]
[themesflat.co/html/modave/images/gallery/gallery-6.jpg]
[themesflat.co/html/modave/home-fashion-classyCove.html]
[themesflat.co/html/modave/images/slider/slider-chicHaven2.jpg]
[themesflat.co/html/modave/images/collections/cls13.jpg]
[themesflat.co/html/modave/images/collections/cls14.jpg]
[themesflat.co/html/modave/images/products/womens/women-185.jpg]
[themesflat.co/html/modave/images/products/womens/women-186.jpg]
[themesflat.co/html/modave/images/products/womens/women-187.jpg]
[themesflat.co/html/modave/images/products/womens/women-188.jpg]
[themesflat.co/html/modave/images/banner/banner-shop.jpg]
[themesflat.co/html/modave/home-fashion-chicHaven-02.html]
[themesflat.co/html/modave/images/slider/slider-tiktok.jpg]
[themesflat.co/html/modave/images/slider/slider-tiktok2.jpg]
[themesflat.co/html/modave/images/slider/slider-tiktok3.jpg]
[themesflat.co/html/modave/images/collections/grid-cls/women-cls3.jpg]
[themesflat.co/html/modave/images/collections/grid-cls/men-cls3.jpg]
[themesflat.co/html/modave/images/collections/grid-cls/accessories-cls2.jpg]
[themesflat.co/html/modave/images/collections/cls-tiktok1.jpg]
[themesflat.co/html/modave/images/video/skin-care1.mp4]
[themesflat.co/html/modave/images/avatar/avt-tiktok1.jpg]
[themesflat.co/html/modave/images/collections/cls-tiktok2.jpg]
[themesflat.co/html/modave/images/video/skin-care2.mp4]
[themesflat.co/html/modave/images/avatar/avt-tiktok2.jpg]
[themesflat.co/html/modave/images/collections/cls-tiktok3.jpg]
[themesflat.co/html/modave/images/video/skin-care3.mp4]
[themesflat.co/html/modave/images/avatar/avt-tiktok3.jpg]
[themesflat.co/html/modave/images/collections/cls-tiktok4.jpg]
[themesflat.co/html/modave/images/avatar/avt-tiktok4.jpg]
[themesflat.co/html/modave/home-fashion-tiktok.html]
[themesflat.co/html/modave/images/video/bg-video1.mp4]
[themesflat.co/html/modave/images/banner/banner-lookbook-6.jpg]
[themesflat.co/html/modave/images/banner/banner-lookbook-7.jpg]
[themesflat.co/html/modave/images/gallery/lookbook-4.jpg]
[themesflat.co/html/modave/images/collections/banner-collection/banner-cls21.jpg]
[themesflat.co/html/modave/images/collections/banner-collection/banner-cls22.jpg]
[themesflat.co/html/modave/home-fashion-luxeLiving.html]
[themesflat.co/html/modave/images/products/womens/women-31.jpg]
[themesflat.co/html/modave/images/products/womens/women-43.jpg]
[themesflat.co/html/modave/images/products/womens/women-47.jpg]
[themesflat.co/html/modave/images/products/womens/women-63.jpg]
[themesflat.co/html/modave/images/products/womens/women-64.jpg]
[themesflat.co/html/modave/images/products/womens/women-69.jpg]
[themesflat.co/html/modave/images/products/womens/women-70.jpg]
[themesflat.co/html/modave/images/products/womens/women-133.jpg]
[themesflat.co/html/modave/images/products/womens/women-131.jpg]
[themesflat.co/html/modave/images/products/womens/women-124.jpg]
[themesflat.co/html/modave/js/nouislider.min.js]
[themesflat.co/html/modave/js/shop.js]
[themesflat.co/html/modave/shop-default-grid.html]
[themesflat.co/html/modave/shop-default-list.html]
[themesflat.co/html/modave/images/products/womens/women-12.jpg]
[themesflat.co/html/modave/images/products/womens/women-13.jpg]
[themesflat.co/html/modave/images/products/womens/women-14.jpg]
[themesflat.co/html/modave/images/products/womens/women-73.jpg]
[themesflat.co/html/modave/images/products/womens/women-74.jpg]
[themesflat.co/html/modave/images/products/womens/women-78.jpg]
[themesflat.co/html/modave/images/products/womens/women-132.jpg]
[themesflat.co/html/modave/images/products/womens/women-123.jpg]
[themesflat.co/html/modave/images/products/womens/women-112.jpg]
[themesflat.co/html/modave/shop-fullwidth-list.html]
[themesflat.co/html/modave/shop-fullwidth-grid.html]
[themesflat.co/html/modave/shop-left-sidebar.html]
[themesflat.co/html/modave/shop-right-sidebar.html]
[themesflat.co/html/modave/shop-filter-dropdown.html]
[themesflat.co/html/modave/shop-filter-canvas.html]
[themesflat.co/html/modave/images/collections/collection-circle/cls-accesories.jpg]
[themesflat.co/html/modave/shop-categories-top.html]
[themesflat.co/html/modave/shop-categories-top-02.html]
[themesflat.co/html/modave/images/collections/shop-cls/men-cls.jpg]
[themesflat.co/html/modave/images/collections/shop-cls/women-cls.jpg]
[themesflat.co/html/modave/images/collections/shop-cls/kid-cls.jpg]
[themesflat.co/html/modave/images/collections/shop-cls/jewelry-cls.jpg]
[themesflat.co/html/modave/images/collections/shop-cls/dresses-cls.jpg]
[themesflat.co/html/modave/images/collections/shop-cls/top-cls.jpg]
[themesflat.co/html/modave/images/collections/shop-cls/bottom-cls.jpg]
[themesflat.co/html/modave/images/collections/shop-cls/outerwear-cls.jpg]
[themesflat.co/html/modave/images/collections/shop-cls/shoes-cls.jpg]
[themesflat.co/html/modave/images/collections/shop-cls/bags-cls.jpg]
[themesflat.co/html/modave/images/collections/shop-cls/accessories-cls.jpg]
[themesflat.co/html/modave/images/collections/shop-cls/lingerie-cls.jpg]
[themesflat.co/html/modave/shop-collection.html]
[themesflat.co/html/modave/shop-breadcrumb-img.html]
[themesflat.co/html/modave/shop-breadcrumb-left.html]
[themesflat.co/html/modave/shop-breadcrumb-background.html]
[themesflat.co/html/modave/shop-load-button.html]
[themesflat.co/html/modave/shop-pagination.html]
[themesflat.co/html/modave/shop-infinite-scrolling.html]
[themesflat.co/html/modave/product-style-01.html]
[themesflat.co/html/modave/product-style-02.html]
[themesflat.co/html/modave/product-style-03.html]
[themesflat.co/html/modave/product-style-04.html]
[themesflat.co/html/modave/product-style-05.html]
[themesflat.co/html/modave/product-style-06.html]
[themesflat.co/html/modave/product-style-07.html]
[themesflat.co/html/modave/search-result.html]
[themesflat.co/html/modave/images/logo/icon-fire.png]
[themesflat.co/html/modave/shopping-cart.html]
[themesflat.co/html/modave/forget-password.html]
[themesflat.co/html/modave/checkout.html]
[themesflat.co/html/modave/my-account-orders.html]
[themesflat.co/html/modave/order-tracking.html]
[themesflat.co/html/modave/my-account-address.html]
[themesflat.co/html/modave/images/avatar/user-account.jpg]
[themesflat.co/html/modave/my-account.html]
[themesflat.co/html/modave/images/products/womens/women-7.jpg]
[themesflat.co/html/modave/images/products/womens/women-23.jpg]
[themesflat.co/html/modave/images/products/womens/women-24.jpg]
[themesflat.co/html/modave/images/avatar/user-default.jpg]
[themesflat.co/html/modave/images/avatar/user-modave.jpg]
[themesflat.co/html/modave/product-detail.html]
[themesflat.co/html/modave/product-grid-1.html]
[themesflat.co/html/modave/product-grid-2.html]
[themesflat.co/html/modave/product-stacked.html]
[themesflat.co/html/modave/product-right-thumbnails.html]
[themesflat.co/html/modave/product-bottom-thumbnails.html]
[themesflat.co/html/modave/product-description-accordion.html]
[themesflat.co/html/modave/product-description-list.html]
[themesflat.co/html/modave/product-description-menutab.html]
[themesflat.co/html/modave/product-description-fullwidth.html]
[themesflat.co/html/modave/images/products/womens/grid-1.jpg]
[themesflat.co/html/modave/images/products/womens/grid-2.jpg]
[themesflat.co/html/modave/images/products/womens/grid-3.jpg]
[themesflat.co/html/modave/images/products/womens/grid-4.jpg]
[themesflat.co/html/modave/product-fixed-price.html]
[themesflat.co/html/modave/product-fixed-scroll.html]
[themesflat.co/html/modave/product-swatch-color.html]
[themesflat.co/html/modave/product-swatch-rounded.html]
[themesflat.co/html/modave/product-swatch-rounded-color.html]
[themesflat.co/html/modave/product-swatch-image.html]
[themesflat.co/html/modave/images/products/womens/women-10.jpg]
[themesflat.co/html/modave/images/products/womens/women-11.jpg]
[themesflat.co/html/modave/images/products/item/img-rounded-1.jpg]
[themesflat.co/html/modave/images/products/item/img-rounded-2.jpg]
[themesflat.co/html/modave/images/products/item/img-rounded-3.jpg]
[themesflat.co/html/modave/product-swatch-rounded-image.html]
[themesflat.co/html/modave/product-swatch-dropdown.html]
[themesflat.co/html/modave/product-swatch-dropdown-color.html]
[themesflat.co/html/modave/product-frequently-bought-together.html]
[themesflat.co/html/modave/product-frequently-bought-together-02.html]
[themesflat.co/html/modave/product-up-sell.html]
[themesflat.co/html/modave/product-pre-order.html]
[themesflat.co/html/modave/product-grouped.html]
[themesflat.co/html/modave/product-customer-note.html]
[themesflat.co/html/modave/product-out-of-stock.html]
[themesflat.co/html/modave/product-pickup-available.html]
[themesflat.co/html/modave/images/products/item/material-1.jpg]
[themesflat.co/html/modave/images/products/item/material-2.jpg]
[themesflat.co/html/modave/images/products/item/material-3.jpg]
[themesflat.co/html/modave/product-variable.html]
[themesflat.co/html/modave/product-deals.html]
[themesflat.co/html/modave/product-with-discount.html]
[themesflat.co/html/modave/product-external.html]
[themesflat.co/html/modave/product-subscribe-save.html]
[themesflat.co/html/modave/images/blog/blog-default-1.jpg]
[themesflat.co/html/modave/images/blog/blog-default-2.jpg]
[themesflat.co/html/modave/images/blog/blog-default-3.jpg]
[themesflat.co/html/modave/images/blog/sidebar-1.jpg]
[themesflat.co/html/modave/images/blog/sidebar-5.jpg]
[themesflat.co/html/modave/blog-default.html]
[themesflat.co/html/modave/images/blog/blog-list-1.jpg]
[themesflat.co/html/modave/images/blog/blog-list-2.jpg]
[themesflat.co/html/modave/images/blog/blog-list-3.jpg]
[themesflat.co/html/modave/images/blog/blog-list-4.jpg]
[themesflat.co/html/modave/images/blog/blog-list-5.jpg]
[themesflat.co/html/modave/blog-list.html]
[themesflat.co/html/modave/images/blog/blog-grid-2.jpg]
[themesflat.co/html/modave/images/blog/blog-grid-3.jpg]
[themesflat.co/html/modave/images/blog/blog-grid-4.jpg]
[themesflat.co/html/modave/images/blog/blog-grid-5.jpg]
[themesflat.co/html/modave/images/blog/blog-grid-7.jpg]
[themesflat.co/html/modave/images/blog/blog-grid-9.jpg]
[themesflat.co/html/modave/blog-grid.html]
[themesflat.co/html/modave/images/blog/blog-details-3.jpg]
[themesflat.co/html/modave/images/blog/blog-details-4.jpg]
[themesflat.co/html/modave/images/avatar/user-1.jpg]
[themesflat.co/html/modave/images/avatar/user-2.jpg]
[themesflat.co/html/modave/blog-detail.html]
[themesflat.co/html/modave/images/blog/blog-details-2.jpg]
[themesflat.co/html/modave/images/avatar/user-3.jpg]
[themesflat.co/html/modave/blog-detail-02.html]
[themesflat.co/html/modave/images/banner/about-us.jpg]
[themesflat.co/html/modave/images/team/team-1.jpg]
[themesflat.co/html/modave/images/team/team-2.jpg]
[themesflat.co/html/modave/images/team/team-3.jpg]
[themesflat.co/html/modave/images/team/team-4.jpg]
[themesflat.co/html/modave/about-us.html]
[themesflat.co/html/modave/images/section/store-list-1.jpg]
[themesflat.co/html/modave/store-list-02.html]
[themesflat.co/html/modave/js/jquery-validate.js]
[themesflat.co/html/modave/contact.html]
[themesflat.co/html/modave/contact-02.html]
[themesflat.co/html/modave/images/section/404.png]
[themesflat.co/html/modave/404.html]
[themesflat.co/html/modave/FAQs.html]
[themesflat.co/html/modave/term-of-use.html]
[themesflat.co/html/modave/coming-soon.html]
[themesflat.co/html/modave/customer-feedback.html]
[themesflat.co/html/modave/images/logo/logo-white.svg]
[themesflat.co/html/modave/images/country/fr.svg]
[themesflat.co/html/modave/home-fashion-kid.html]
[themesflat.co/html/modave/images/slider/slider-modernRetreat.jpg]
[themesflat.co/html/modave/images/banner/discover-women.jpg]
[themesflat.co/html/modave/images/banner/banner-lookbook-1.jpg]
[themesflat.co/html/modave/images/gallery/lookbook-sm1.jpg]
[themesflat.co/html/modave/images/gallery/gallery-cls3.jpg]
[themesflat.co/html/modave/images/gallery/gallery-cls4.jpg]
[themesflat.co/html/modave/images/gallery/gallery-cls5.jpg]
[themesflat.co/html/modave/images/gallery/gallery-cls1.jpg]
[themesflat.co/html/modave/images/gallery/gallery-cls2.jpg]
[themesflat.co/html/modave/home-fashion-modernRetreat.html]
[themesflat.co/html/modave/images/slider/slider-beauty.jpg]
[themesflat.co/html/modave/images/collections/cls-beauty1.jpg]
[themesflat.co/html/modave/images/collections/cls-beauty2.jpg]
[themesflat.co/html/modave/images/collections/cls-beauty3.jpg]
[themesflat.co/html/modave/images/collections/collection-circle/cls-circle6.jpg]
[themesflat.co/html/modave/images/collections/collection-circle/cls-circle7.jpg]
[themesflat.co/html/modave/images/collections/collection-circle/cls-circle8.jpg]
[themesflat.co/html/modave/images/collections/collection-circle/cls-circle9.jpg]
[themesflat.co/html/modave/images/collections/collection-circle/cls-circle10.jpg]
[themesflat.co/html/modave/images/collections/collection-circle/cls-circle11.jpg]
[themesflat.co/html/modave/images/products/beauty-cosmetic/beauty8.jpg]
[themesflat.co/html/modave/images/products/beauty-cosmetic/beauty10.jpg]
[themesflat.co/html/modave/images/products/beauty-cosmetic/beauty11.jpg]
[themesflat.co/html/modave/images/products/beauty-cosmetic/beauty13.jpg]
[themesflat.co/html/modave/images/products/beauty-cosmetic/beauty14.jpg]
[themesflat.co/html/modave/images/products/beauty-cosmetic/beauty25.jpg]
[themesflat.co/html/modave/images/products/beauty-cosmetic/beauty28.jpg]
[themesflat.co/html/modave/images/products/beauty-cosmetic/beauty27.jpg]
[themesflat.co/html/modave/images/products/beauty-cosmetic/beauty35.jpg]
[themesflat.co/html/modave/images/products/beauty-cosmetic/beauty37.jpg]
[themesflat.co/html/modave/images/products/beauty-cosmetic/beauty36.jpg]
[themesflat.co/html/modave/images/collections/cls-tiktok5.jpg]
[themesflat.co/html/modave/images/avatar/avt-beauty1.jpg]
[themesflat.co/html/modave/images/collections/cls-tiktok6.jpg]
[themesflat.co/html/modave/images/avatar/avt-beauty2.jpg]
[themesflat.co/html/modave/images/collections/cls-tiktok7.jpg]
[themesflat.co/html/modave/images/avatar/avt-beauty3.jpg]
[themesflat.co/html/modave/images/collections/cls-tiktok8.jpg]
[themesflat.co/html/modave/images/avatar/avt-beauty4.jpg]
[themesflat.co/html/modave/images/blog/new-beauty1.jpg]
[themesflat.co/html/modave/images/blog/new-beauty2.jpg]
[themesflat.co/html/modave/images/blog/new-beauty3.jpg]
[themesflat.co/html/modave/images/blog/new-beauty4.jpg]
[themesflat.co/html/modave/images/gallery/gallery-beauty1.jpg]
[themesflat.co/html/modave/images/gallery/gallery-beauty2.jpg]
[themesflat.co/html/modave/images/gallery/gallery-beauty3.jpg]
[themesflat.co/html/modave/images/gallery/gallery-beauty4.jpg]
[themesflat.co/html/modave/images/gallery/gallery-beauty5.jpg]
[themesflat.co/html/modave/images/gallery/gallery-beauty6.jpg]
[themesflat.co/html/modave/home-beauty.html]
[themesflat.co/html/modave/css/image-compare-viewer.min.css]
[themesflat.co/html/modave/images/slider/slider-skincare.jpg]
[themesflat.co/html/modave/images/products/beauty-cosmetic/beauty38.jpg]
[themesflat.co/html/modave/images/products/beauty-cosmetic/beauty39.jpg]
[themesflat.co/html/modave/images/products/beauty-cosmetic/beauty40.jpg]
[themesflat.co/html/modave/images/banner/banner-lookbook-8.jpg]
[themesflat.co/html/modave/images/testimonial/tes-3.jpg]
[themesflat.co/html/modave/images/testimonial/tes-4.jpg]
[themesflat.co/html/modave/images/banner/banner-skin-before.jpg]
[themesflat.co/html/modave/images/banner/banner-skin-after.jpg]
[themesflat.co/html/modave/images/products/beauty-cosmetic/beauty41.jpg]
[themesflat.co/html/modave/images/products/beauty-cosmetic/beauty42.jpg]
[themesflat.co/html/modave/images/products/beauty-cosmetic/beauty43.jpg]
[themesflat.co/html/modave/images/products/beauty-cosmetic/beauty44.jpg]
[themesflat.co/html/modave/images/products/beauty-cosmetic/beauty45.jpg]
[themesflat.co/html/modave/js/image-compare-viewer.js]
[themesflat.co/html/modave/home-skincare.html]
[themesflat.co/html/modave/images/slider/slider-fashion-cosmetic.jpg]
[themesflat.co/html/modave/images/slider/slider-fashion-cosmetic2.jpg]
[themesflat.co/html/modave/images/slider/slider-fashion-cosmetic3.jpg]
[themesflat.co/html/modave/images/collections/grid-cls/face-cls.jpg]
[themesflat.co/html/modave/images/collections/grid-cls/hand-cls.jpg]
[themesflat.co/html/modave/images/collections/grid-cls/body-cls.jpg]
[themesflat.co/html/modave/images/collections/grid-cls/foot-cls.jpg]
[themesflat.co/html/modave/images/collections/grid-cls/eye-cls.jpg]
[themesflat.co/html/modave/images/collections/grid-cls/lip-cls.jpg]
[themesflat.co/html/modave/images/banner/banner-cosmetic.jpg]
[themesflat.co/html/modave/home-cosmetic.html]
[cdnjs.cloudflare.com/ajax/libs/parallax/3.1.0/parallax.min.js]
[themesflat.co/html/modave/images/slider/slider-decor1.jpg]
[themesflat.co/html/modave/images/slider/slider-decor2.jpg]
[themesflat.co/html/modave/images/slider/slider-decor3.jpg]
[themesflat.co/html/modave/images/collections/cls-decor1.jpg]
[themesflat.co/html/modave/images/collections/cls-decor2.jpg]
[themesflat.co/html/modave/images/collections/cls-decor3.jpg]
[themesflat.co/html/modave/images/collections/cls-decor4.jpg]
[themesflat.co/html/modave/images/collections/list-cls/cls-item-decor1.jpg]
[themesflat.co/html/modave/images/collections/list-cls/cls-item-decor2.jpg]
[themesflat.co/html/modave/images/collections/list-cls/cls-item-decor3.jpg]
[themesflat.co/html/modave/images/collections/list-cls/cls-item-decor4.jpg]
[themesflat.co/html/modave/images/products/furniture/furniture1.jpg]
[themesflat.co/html/modave/images/products/furniture/furniture3.jpg]
[themesflat.co/html/modave/images/products/furniture/furniture2.jpg]
[themesflat.co/html/modave/images/products/furniture/furniture6.jpg]
[themesflat.co/html/modave/images/products/furniture/furniture7.jpg]
[themesflat.co/html/modave/images/products/furniture/furniture8.jpg]
[themesflat.co/html/modave/images/products/furniture/furniture32.jpg]
[themesflat.co/html/modave/images/products/furniture/furniture33.jpg]
[themesflat.co/html/modave/images/products/furniture/furniture17.jpg]
[themesflat.co/html/modave/images/products/furniture/furniture18.jpg]
[themesflat.co/html/modave/images/products/furniture/furniture19.jpg]
[themesflat.co/html/modave/images/products/furniture/furniture20.jpg]
[themesflat.co/html/modave/images/banner/banner-lb-furniture1.jpg]
[themesflat.co/html/modave/images/gallery/lookbook-sm2.jpg]
[themesflat.co/html/modave/images/gallery/lookbook-sm3.jpg]
[themesflat.co/html/modave/images/banner/banner-lb-furniture2.jpg]
[themesflat.co/html/modave/images/products/furniture/furniture21.jpg]
[themesflat.co/html/modave/images/products/furniture/furniture23.jpg]
[themesflat.co/html/modave/images/products/furniture/furniture13.jpg]
[themesflat.co/html/modave/images/products/furniture/furniture14.jpg]
[themesflat.co/html/modave/images/products/furniture/furniture16.jpg]
[themesflat.co/html/modave/images/products/furniture/furniture29.jpg]
[themesflat.co/html/modave/images/products/furniture/furniture31.jpg]
[themesflat.co/html/modave/images/products/furniture/furniture30.jpg]
[themesflat.co/html/modave/images/products/furniture/furniture40.jpg]
[themesflat.co/html/modave/images/products/furniture/furniture41.jpg]
[themesflat.co/html/modave/images/products/furniture/furniture42.jpg]
[themesflat.co/html/modave/images/testimonial/tes-7.jpg]
[themesflat.co/html/modave/images/testimonial/tes-8.jpg]
[themesflat.co/html/modave/images/products/furniture/furniture9.jpg]
[themesflat.co/html/modave/images/testimonial/tes-9.jpg]
[themesflat.co/html/modave/images/banner/discover-decor.jpg]
[themesflat.co/html/modave/home-decor.html]
[themesflat.co/html/modave/images/slider/slider-furniture.jpg]
[themesflat.co/html/modave/images/slider/slider-furniture2.jpg]
[themesflat.co/html/modave/images/slider/slider-furniture3.jpg]
[themesflat.co/html/modave/images/collections/collection-circle/cls-furniture1.jpg]
[themesflat.co/html/modave/images/collections/collection-circle/cls-furniture2.jpg]
[themesflat.co/html/modave/images/collections/collection-circle/cls-furniture3.jpg]
[themesflat.co/html/modave/images/collections/collection-circle/cls-furniture4.jpg]
[themesflat.co/html/modave/images/collections/collection-circle/cls-furniture5.jpg]
[themesflat.co/html/modave/images/products/furniture/furniture37.jpg]
[themesflat.co/html/modave/images/products/furniture/furniture39.jpg]
[themesflat.co/html/modave/images/products/furniture/furniture38.jpg]
[themesflat.co/html/modave/images/products/furniture/furniture24.jpg]
[themesflat.co/html/modave/images/products/furniture/furniture25.jpg]
[themesflat.co/html/modave/images/products/furniture/furniture26.jpg]
[themesflat.co/html/modave/images/products/furniture/furniture11.jpg]
[themesflat.co/html/modave/images/products/furniture/furniture10.jpg]
[themesflat.co/html/modave/images/products/furniture/furniture12.jpg]
[themesflat.co/html/modave/images/products/furniture/furniture34.jpg]
[themesflat.co/html/modave/images/products/furniture/furniture36.jpg]
[themesflat.co/html/modave/images/products/furniture/furniture35.jpg]
[themesflat.co/html/modave/images/banner/discover-furniture1.jpg]
[themesflat.co/html/modave/images/banner/discover-furniture2.jpg]
[themesflat.co/html/modave/images/testimonial/tes-5.jpg]
[themesflat.co/html/modave/images/testimonial/tes-6.jpg]
[themesflat.co/html/modave/images/gallery/gallery-furniture1.jpg]
[themesflat.co/html/modave/images/gallery/gallery-furniture2.jpg]
[themesflat.co/html/modave/images/gallery/gallery-furniture3.jpg]
[themesflat.co/html/modave/images/gallery/gallery-furniture4.jpg]
[themesflat.co/html/modave/images/gallery/gallery-furniture5.jpg]
[themesflat.co/html/modave/images/gallery/gallery-furniture6.jpg]
[themesflat.co/html/modave/images/gallery/gallery-furniture7.jpg]
[themesflat.co/html/modave/home-furniture.html]
[themesflat.co/html/modave/images/slider/slider-jewelry.jpg]
[themesflat.co/html/modave/images/slider/slider-jewelry2.jpg]
[themesflat.co/html/modave/images/slider/slider-jewelry3.jpg]
[themesflat.co/html/modave/images/collections/cls-tiktok9.jpg]
[themesflat.co/html/modave/images/avatar/jewelry-3.jpg]
[themesflat.co/html/modave/images/collections/cls-tiktok10.jpg]
[themesflat.co/html/modave/images/avatar/jewelry-4.jpg]
[themesflat.co/html/modave/images/collections/cls-tiktok11.jpg]
[themesflat.co/html/modave/images/avatar/jewelry-5.jpg]
[themesflat.co/html/modave/images/collections/cls-tiktok12.jpg]
[themesflat.co/html/modave/images/avatar/jewelry-6.jpg]
[themesflat.co/html/modave/images/collections/collection-circle/cls-circle12.jpg]
[themesflat.co/html/modave/images/collections/collection-circle/cls-circle13.jpg]
[themesflat.co/html/modave/images/collections/collection-circle/cls-circle14.jpg]
[themesflat.co/html/modave/images/collections/collection-circle/cls-circle15.jpg]
[themesflat.co/html/modave/images/collections/collection-circle/cls-circle16.jpg]
[themesflat.co/html/modave/images/collections/collection-circle/cls-circle17.jpg]
[themesflat.co/html/modave/images/products/jewelry/jewelry-1.jpg]
[themesflat.co/html/modave/images/products/jewelry/jewelry-2.jpg]
[themesflat.co/html/modave/images/products/jewelry/jewelry-3.jpg]
[themesflat.co/html/modave/images/products/jewelry/jewelry-4.jpg]
[themesflat.co/html/modave/images/products/jewelry/jewelry-5.jpg]
[themesflat.co/html/modave/images/products/jewelry/jewelry-6.jpg]
[themesflat.co/html/modave/images/products/jewelry/jewelry-7.jpg]
[themesflat.co/html/modave/images/products/jewelry/jewelry-8.jpg]
[themesflat.co/html/modave/images/products/jewelry/jewelry-9.jpg]
[themesflat.co/html/modave/images/collections/banner-collection/banner-cls28.jpg]
[themesflat.co/html/modave/images/collections/banner-collection/banner-cls29.jpg]
[themesflat.co/html/modave/images/products/jewelry/jewelry-11.jpg]
[themesflat.co/html/modave/images/products/jewelry/jewelry-12.jpg]
[themesflat.co/html/modave/images/products/jewelry/jewelry-13.jpg]
[themesflat.co/html/modave/images/products/jewelry/jewelry-14.jpg]
[themesflat.co/html/modave/images/products/jewelry/jewelry-15.jpg]
[themesflat.co/html/modave/images/products/jewelry/jewelry-16.jpg]
[themesflat.co/html/modave/images/products/jewelry/jewelry-17.jpg]
[themesflat.co/html/modave/images/products/jewelry/jewelry-18.jpg]
[themesflat.co/html/modave/images/products/jewelry/jewelry-19.jpg]
[themesflat.co/html/modave/images/avatar/jewelry-1.jpg]
[themesflat.co/html/modave/images/avatar/jewelry-2.jpg]
[themesflat.co/html/modave/images/avatar/jewelry-7.jpg]
[themesflat.co/html/modave/images/blog/blog-grid-10.jpg]
[themesflat.co/html/modave/images/blog/blog-grid-11.jpg]
[themesflat.co/html/modave/images/blog/blog-grid-12.jpg]
[themesflat.co/html/modave/images/gallery/gallery-jewelry6.jpg]
[themesflat.co/html/modave/images/gallery/gallery-jewelry7.jpg]
[themesflat.co/html/modave/images/gallery/gallery-jewelry8.jpg]
[themesflat.co/html/modave/images/gallery/gallery-jewelry9.jpg]
[themesflat.co/html/modave/images/gallery/gallery-jewelry10.jpg]
[themesflat.co/html/modave/home-jewelry-01.html]
[themesflat.co/html/modave/images/collections/banner-collection/banner-cls23.jpg]
[themesflat.co/html/modave/images/collections/banner-collection/banner-cls24.jpg]
[themesflat.co/html/modave/images/collections/banner-collection/banner-cls25.jpg]
[themesflat.co/html/modave/images/collections/collection-circle/cls-jewelry1.jpg]
[themesflat.co/html/modave/images/collections/collection-circle/cls-jewelry2.jpg]
[themesflat.co/html/modave/images/collections/collection-circle/cls-jewelry3.jpg]
[themesflat.co/html/modave/images/collections/collection-circle/cls-jewelry4.jpg]
[themesflat.co/html/modave/images/collections/collection-circle/cls-jewelry5.jpg]
[themesflat.co/html/modave/images/collections/collection-circle/cls-jewelry6.jpg]
[themesflat.co/html/modave/images/collections/banner-collection/banner-cls26.jpg]
[themesflat.co/html/modave/images/collections/banner-collection/banner-cls27.jpg]
[themesflat.co/html/modave/images/testimonial/tes-10.jpg]
[themesflat.co/html/modave/images/testimonial/tes-11.jpg]
[themesflat.co/html/modave/images/gallery/gallery-jewelry1.jpg]
[themesflat.co/html/modave/images/gallery/gallery-jewelry2.jpg]
[themesflat.co/html/modave/images/gallery/gallery-jewelry3.jpg]
[themesflat.co/html/modave/images/gallery/gallery-jewelry4.jpg]
[themesflat.co/html/modave/images/gallery/gallery-jewelry5.jpg]
[themesflat.co/html/modave/home-jewelry-02.html]
[themesflat.co/html/modave/images/slider/item-slider-activewear1.jpg]
[themesflat.co/html/modave/images/slider/item-slider-activewear2.jpg]
[themesflat.co/html/modave/images/slider/item-slider-activewear3.jpg]
[themesflat.co/html/modave/images/slider/item-slider-activewear4.jpg]
[themesflat.co/html/modave/images/collections/cls-activewear1.jpg]
[themesflat.co/html/modave/images/collections/cls-activewear2.jpg]
[themesflat.co/html/modave/images/collections/cls-activewear3.jpg]
[themesflat.co/html/modave/images/collections/cls-activewear4.jpg]
[themesflat.co/html/modave/images/collections/cls-activewear5.jpg]
[themesflat.co/html/modave/images/products/activewear/activewear-1.jpg]
[themesflat.co/html/modave/images/products/activewear/activewear-2.jpg]
[themesflat.co/html/modave/images/products/activewear/activewear-3.jpg]
[themesflat.co/html/modave/images/products/activewear/activewear-4.jpg]
[themesflat.co/html/modave/images/products/activewear/activewear-5.jpg]
[themesflat.co/html/modave/images/products/activewear/activewear-6.jpg]
[themesflat.co/html/modave/images/products/activewear/activewear-7.jpg]
[themesflat.co/html/modave/images/products/activewear/activewear-8.jpg]
[themesflat.co/html/modave/images/products/activewear/activewear-9.jpg]
[themesflat.co/html/modave/images/products/activewear/activewear-11.jpg]
[themesflat.co/html/modave/images/products/activewear/activewear-12.jpg]
[themesflat.co/html/modave/images/products/activewear/activewear-13.jpg]
[themesflat.co/html/modave/images/products/activewear/activewear-14.jpg]
[themesflat.co/html/modave/images/banner/banner-lookbook-9.jpg]
[themesflat.co/html/modave/images/banner/banner-lookbook-10.jpg]
[themesflat.co/html/modave/images/banner/banner-lookbook-11.jpg]
[themesflat.co/html/modave/images/gallery/lookbook-5.jpg]
[themesflat.co/html/modave/images/products/activewear/activewear-15.jpg]
[themesflat.co/html/modave/images/products/activewear/activewear-16.jpg]
[themesflat.co/html/modave/images/products/activewear/activewear-17.jpg]
[themesflat.co/html/modave/images/products/activewear/activewear-18.jpg]
[themesflat.co/html/modave/images/products/activewear/activewear-19.jpg]
[themesflat.co/html/modave/images/products/activewear/activewear-20.jpg]
[themesflat.co/html/modave/images/products/activewear/activewear-21.jpg]
[themesflat.co/html/modave/images/products/activewear/activewear-22.jpg]
[themesflat.co/html/modave/images/testimonial/tes-12.jpg]
[themesflat.co/html/modave/images/avatar/user-8.jpg]
[themesflat.co/html/modave/images/testimonial/tes-13.jpg]
[themesflat.co/html/modave/images/avatar/user-9.jpg]
[themesflat.co/html/modave/images/gallery/gallery-7.jpg]
[themesflat.co/html/modave/images/gallery/gallery-8.jpg]
[themesflat.co/html/modave/images/gallery/gallery-9.jpg]
[themesflat.co/html/modave/images/gallery/gallery-10.jpg]
[themesflat.co/html/modave/images/gallery/gallery-11.jpg]
[themesflat.co/html/modave/images/gallery/gallery-12.jpg]
[themesflat.co/html/modave/home-activewear.html]
[themesflat.co/html/modave/images/slider/slider-organic.jpg]
[themesflat.co/html/modave/images/slider/slider-organic2.jpg]
[themesflat.co/html/modave/images/slider/slider-organic3.jpg]
[themesflat.co/html/modave/images/products/organic/organic-1.jpg]
[themesflat.co/html/modave/images/products/organic/organic-2.jpg]
[themesflat.co/html/modave/images/products/organic/organic-3.jpg]
[themesflat.co/html/modave/images/products/organic/organic-4.jpg]
[themesflat.co/html/modave/images/products/organic/organic-5.jpg]
[themesflat.co/html/modave/images/products/organic/organic-6.jpg]
[themesflat.co/html/modave/images/products/organic/organic-7.jpg]
[themesflat.co/html/modave/images/products/organic/organic-8.jpg]
[themesflat.co/html/modave/images/collections/cls-organic-1.jpg]
[themesflat.co/html/modave/images/collections/cls-organic-2.jpg]
[themesflat.co/html/modave/images/collections/cls-organic-3.jpg]
[themesflat.co/html/modave/images/section/delivery-1.jpg]
[themesflat.co/html/modave/images/products/organic/organic-9.jpg]
[themesflat.co/html/modave/images/products/organic/organic-10.jpg]
[themesflat.co/html/modave/images/products/organic/organic-11.jpg]
[themesflat.co/html/modave/images/products/organic/organic-12.jpg]
[themesflat.co/html/modave/images/products/organic/organic-13.jpg]
[themesflat.co/html/modave/images/products/organic/organic-14.jpg]
[themesflat.co/html/modave/images/products/organic/organic-15.jpg]
[themesflat.co/html/modave/images/products/organic/organic-16.jpg]
[themesflat.co/html/modave/images/products/organic/organic-17.jpg]
[themesflat.co/html/modave/images/products/organic/organic-18.jpg]
[themesflat.co/html/modave/images/testimonial/tes-14.jpg]
[themesflat.co/html/modave/images/avatar/user-10.jpg]
[themesflat.co/html/modave/images/testimonial/tes-15.jpg]
[themesflat.co/html/modave/images/avatar/user-11.jpg]
[themesflat.co/html/modave/images/testimonial/tes-16.jpg]
[themesflat.co/html/modave/images/avatar/user-12.jpg]
[themesflat.co/html/modave/images/gallery/gallery-13.jpg]
[themesflat.co/html/modave/images/gallery/gallery-14.jpg]
[themesflat.co/html/modave/images/gallery/gallery-15.jpg]
[themesflat.co/html/modave/images/gallery/gallery-16.jpg]
[themesflat.co/html/modave/images/gallery/gallery-17.jpg]
[themesflat.co/html/modave/images/gallery/gallery-18.jpg]
[themesflat.co/html/modave/home-organic.html]
[themesflat.co/html/modave/images/slider/slider-sock1.jpg]
[themesflat.co/html/modave/images/slider/slider-sock2.jpg]
[themesflat.co/html/modave/images/slider/slider-sock3.jpg]
[themesflat.co/html/modave/images/products/sock/sock-1.jpg]
[themesflat.co/html/modave/images/products/sock/sock-2.jpg]
[themesflat.co/html/modave/images/products/sock/sock-3.jpg]
[themesflat.co/html/modave/images/products/sock/sock-4.jpg]
[themesflat.co/html/modave/images/products/sock/sock-5.jpg]
[themesflat.co/html/modave/images/products/sock/sock-6.jpg]
[themesflat.co/html/modave/images/products/sock/sock-7.jpg]
[themesflat.co/html/modave/images/products/sock/sock-8.jpg]
[themesflat.co/html/modave/images/collections/banner-collection/banner-cls30.jpg]
[themesflat.co/html/modave/images/collections/banner-collection/banner-cls31.jpg]
[themesflat.co/html/modave/images/collections/banner-collection/banner-cls32.jpg]
[themesflat.co/html/modave/images/products/sock/sock-9.jpg]
[themesflat.co/html/modave/images/products/sock/sock-10.jpg]
[themesflat.co/html/modave/images/products/sock/sock-11.jpg]
[themesflat.co/html/modave/images/products/sock/sock-12.jpg]
[themesflat.co/html/modave/images/products/sock/sock-13.jpg]
[themesflat.co/html/modave/images/products/sock/sock-14.jpg]
[themesflat.co/html/modave/images/collections/banner-collection/banner-cls33.jpg]
[themesflat.co/html/modave/images/collections/banner-collection/banner-cls34.jpg]
[themesflat.co/html/modave/images/testimonial/tes-17.jpg]
[themesflat.co/html/modave/images/avatar/user-13.jpg]
[themesflat.co/html/modave/images/testimonial/tes-18.jpg]
[themesflat.co/html/modave/images/avatar/user-14.jpg]
[themesflat.co/html/modave/images/gallery/gallery-19.jpg]
[themesflat.co/html/modave/images/gallery/gallery-20.jpg]
[themesflat.co/html/modave/images/gallery/gallery-21.jpg]
[themesflat.co/html/modave/images/gallery/gallery-22.jpg]
[themesflat.co/html/modave/images/gallery/gallery-23.jpg]
[themesflat.co/html/modave/images/gallery/gallery-24.jpg]
[themesflat.co/html/modave/home-sock.html]
[themesflat.co/html/modave/images/slider/slider-camping.jpg]
[themesflat.co/html/modave/images/slider/slider-camping2.jpg]
[themesflat.co/html/modave/images/collections/collection-circle/cls-camping1.jpg]
[themesflat.co/html/modave/images/collections/collection-circle/cls-camping2.jpg]
[themesflat.co/html/modave/images/collections/collection-circle/cls-camping3.jpg]
[themesflat.co/html/modave/images/collections/collection-circle/cls-camping4.jpg]
[themesflat.co/html/modave/images/collections/collection-circle/cls-camping5.jpg]
[themesflat.co/html/modave/images/products/camping/camping-1.jpg]
[themesflat.co/html/modave/images/products/camping/camping-2.jpg]
[themesflat.co/html/modave/images/products/camping/camping-3.jpg]
[themesflat.co/html/modave/images/products/camping/camping-4.jpg]
[themesflat.co/html/modave/images/products/camping/camping-5.jpg]
[themesflat.co/html/modave/images/products/camping/camping-6.jpg]
[themesflat.co/html/modave/images/products/camping/camping-7.jpg]
[themesflat.co/html/modave/images/products/camping/camping-8.jpg]
[themesflat.co/html/modave/images/products/camping/camping-9.jpg]
[themesflat.co/html/modave/images/products/camping/camping-10.jpg]
[themesflat.co/html/modave/images/products/camping/camping-11.jpg]
[themesflat.co/html/modave/images/products/camping/camping-12.jpg]
[themesflat.co/html/modave/images/products/camping/camping-13.jpg]
[themesflat.co/html/modave/images/collections/banner-collection/banner-cls12.jpg]
[themesflat.co/html/modave/images/products/camping/camping-14.jpg]
[themesflat.co/html/modave/images/products/camping/camping-15.jpg]
[themesflat.co/html/modave/images/products/camping/camping-16.jpg]
[themesflat.co/html/modave/images/products/camping/camping-17.jpg]
[themesflat.co/html/modave/images/banner/banner-camping.jpg]
[themesflat.co/html/modave/images/testimonial/tes-19.jpg]
[themesflat.co/html/modave/images/avatar/user-15.jpg]
[themesflat.co/html/modave/images/testimonial/tes-20.jpg]
[themesflat.co/html/modave/images/avatar/user-16.jpg]
[themesflat.co/html/modave/images/testimonial/tes-21.jpg]
[themesflat.co/html/modave/images/avatar/user-17.jpg]
[themesflat.co/html/modave/images/section/news-1.jpg]
[themesflat.co/html/modave/images/section/news-2.jpg]
[themesflat.co/html/modave/images/gallery/gallery-camping-1.jpg]
[themesflat.co/html/modave/images/gallery/gallery-camping-2.jpg]
[themesflat.co/html/modave/images/gallery/gallery-camping-3.jpg]
[themesflat.co/html/modave/images/gallery/gallery-camping-4.jpg]
[themesflat.co/html/modave/images/gallery/gallery-camping-5.jpg]
[themesflat.co/html/modave/images/gallery/gallery-camping-6.jpg]
[themesflat.co/html/modave/home-camping.html]
[themesflat.co/html/modave/images/slider/slider-electronic.jpg]
[themesflat.co/html/modave/images/slider/slider-electronic2.jpg]
[themesflat.co/html/modave/images/slider/slider-electronic3.jpg]
[themesflat.co/html/modave/images/collections/collection-circle/cls-electronic1.jpg]
[themesflat.co/html/modave/images/collections/collection-circle/cls-electronic2.jpg]
[themesflat.co/html/modave/images/collections/collection-circle/cls-electronic3.jpg]
[themesflat.co/html/modave/images/collections/collection-circle/cls-electronic4.jpg]
[themesflat.co/html/modave/images/collections/collection-circle/cls-electronic5.jpg]
[themesflat.co/html/modave/images/collections/collection-circle/cls-electronic6.jpg]
[themesflat.co/html/modave/images/collections/collection-circle/cls-electronic7.jpg]
[themesflat.co/html/modave/images/products/electronic/electronic-1.jpg]
[themesflat.co/html/modave/images/products/electronic/electronic-2.jpg]
[themesflat.co/html/modave/images/products/electronic/electronic-3.jpg]
[themesflat.co/html/modave/images/products/electronic/electronic-4.jpg]
[themesflat.co/html/modave/images/products/electronic/electronic-5.jpg]
[themesflat.co/html/modave/images/products/electronic/electronic-6.jpg]
[themesflat.co/html/modave/images/products/electronic/electronic-7.jpg]
[themesflat.co/html/modave/images/products/electronic/electronic-8.jpg]
[themesflat.co/html/modave/images/products/electronic/electronic-9.jpg]
[themesflat.co/html/modave/images/products/electronic/electronic-10.jpg]
[themesflat.co/html/modave/images/collections/cls-electronic-1.jpg]
[themesflat.co/html/modave/images/collections/cls-electronic-2.jpg]
[themesflat.co/html/modave/images/collections/cls-electronic-3.jpg]
[themesflat.co/html/modave/images/products/electronic/electronic-11.jpg]
[themesflat.co/html/modave/images/products/electronic/electronic-12.jpg]
[themesflat.co/html/modave/images/products/electronic/electronic-13.jpg]
[themesflat.co/html/modave/images/products/electronic/electronic-14.jpg]
[themesflat.co/html/modave/images/products/electronic/electronic-15.jpg]
[themesflat.co/html/modave/images/products/electronic/electronic-16.jpg]
[themesflat.co/html/modave/images/products/electronic/electronic-17.jpg]
[themesflat.co/html/modave/images/products/electronic/electronic-18.jpg]
[themesflat.co/html/modave/images/products/electronic/electronic-19.jpg]
[themesflat.co/html/modave/images/products/electronic/electronic-20.jpg]
[themesflat.co/html/modave/images/products/electronic/electronic-21.jpg]
[themesflat.co/html/modave/images/products/electronic/electronic-22.jpg]
[themesflat.co/html/modave/images/collections/collection-circle/cls-electronic8.jpg]
[themesflat.co/html/modave/images/collections/collection-circle/cls-electronic9.jpg]
[themesflat.co/html/modave/images/collections/collection-circle/cls-electronic10.jpg]
[themesflat.co/html/modave/images/collections/collection-circle/cls-electronic11.jpg]
[themesflat.co/html/modave/home-electronic.html]
[themesflat.co/html/modave/images/slider/slider-pet-store-1.jpg]
[themesflat.co/html/modave/images/slider/slider-pet-store-2.jpg]
[themesflat.co/html/modave/images/slider/slider-pet-store-3.jpg]
[themesflat.co/html/modave/images/avatar/pet-1.jpg]
[themesflat.co/html/modave/images/avatar/pet-2.jpg]
[themesflat.co/html/modave/images/avatar/pet-3.jpg]
[themesflat.co/html/modave/images/avatar/pet-4.jpg]
[themesflat.co/html/modave/images/products/pet-store/pet-store-1.jpg]
[themesflat.co/html/modave/images/products/pet-store/pet-store-2.jpg]
[themesflat.co/html/modave/images/products/pet-store/pet-store-3.jpg]
[themesflat.co/html/modave/images/products/pet-store/pet-store-4.jpg]
[themesflat.co/html/modave/images/products/pet-store/pet-store-5.jpg]
[themesflat.co/html/modave/images/products/pet-store/pet-store-6.jpg]
[themesflat.co/html/modave/images/products/pet-store/pet-store-7.jpg]
[themesflat.co/html/modave/images/products/pet-store/pet-store-8.jpg]
[themesflat.co/html/modave/images/products/pet-store/pet-store-9.jpg]
[themesflat.co/html/modave/images/products/pet-store/pet-store-10.jpg]
[themesflat.co/html/modave/images/products/pet-store/pet-store-11.jpg]
[themesflat.co/html/modave/images/products/pet-store/pet-store-12.jpg]
[themesflat.co/html/modave/images/products/pet-store/pet-store-13.jpg]
[themesflat.co/html/modave/images/products/pet-store/pet-store-14.jpg]
[themesflat.co/html/modave/images/products/pet-store/pet-store-15.jpg]
[themesflat.co/html/modave/images/products/pet-store/pet-store-16.jpg]
[themesflat.co/html/modave/images/products/pet-store/pet-store-17.jpg]
[themesflat.co/html/modave/images/products/pet-store/pet-store-18.jpg]
[themesflat.co/html/modave/images/products/pet-store/pet-store-19.jpg]
[themesflat.co/html/modave/images/products/pet-store/pet-store-20.jpg]
[themesflat.co/html/modave/images/products/pet-store/pet-store-21.jpg]
[themesflat.co/html/modave/images/section/flash-sale.png]
[themesflat.co/html/modave/images/products/pet-store/pet-store-22.jpg]
[themesflat.co/html/modave/images/products/pet-store/pet-store-23.jpg]
[themesflat.co/html/modave/images/products/pet-store/pet-store-24.jpg]
[themesflat.co/html/modave/images/products/pet-store/pet-store-25.jpg]
[themesflat.co/html/modave/images/section/big-save.jpg]
[themesflat.co/html/modave/images/products/pet-store/pet-store-26.jpg]
[themesflat.co/html/modave/images/products/pet-store/pet-store-27.jpg]
[themesflat.co/html/modave/images/products/pet-store/pet-store-28.jpg]
[themesflat.co/html/modave/images/products/pet-store/pet-store-29.jpg]
[themesflat.co/html/modave/images/products/pet-store/pet-store-30.jpg]
[themesflat.co/html/modave/images/products/pet-store/pet-store-31.jpg]
[themesflat.co/html/modave/home-pet-store.html]
[themesflat.co/html/modave/compare-products.html]
[themesflat.co/html/modave/fonts/icomoon95b7.svg]
[themesflat.co/html/modave/css/bootstrap-select.min.css]
[themesflat.co/html/modave/images/cursor-close.svg]
[themesflat.co/html/modave/images/payment/img-7.png]
[themesflat.co/html/modave/images/payment/img-8.png]
[themesflat.co/html/modave/images/payment/img-9.png]
[themesflat.co/html/modave/images/payment/img-10.png]
[themesflat.co/html/modave/images/payment/applePay.png]
[themesflat.co/html/modave/images/payment/paypal.png]
[themesflat.co/html/modave/checkout.html]
[themesflat.co/html/modave/my-account-orders.html]
[themesflat.co/html/modave/my-account-address.html]
[themesflat.co/html/modave/css/image-compare-viewer.min.css]
[themesflat.co/html/modave/my-account-orders-details.html]
[themesflat.co/html/modave/my-account-orders-details.html]
[themesflat.co/html/modave/home-fashion-men.html]
[themesflat.co/html/modave/home-fashion-kid.html]
[themesflat.co/html/modave/home-fashion-kid.html]
